* using log directory ‘/Users/cjerzak/Documents/causalimages-software/causalimages.Rcheck’
* using R version 4.5.2 (2025-10-31)
* using platform: aarch64-apple-darwin20
* R was compiled by
    Apple clang version 16.0.0 (clang-1600.0.26.6)
    GNU Fortran (GCC) 14.2.0
* running under: macOS Tahoe 26.3.1
* using session charset: UTF-8
* using options ‘--no-tests --as-cran’
* checking for file ‘causalimages/DESCRIPTION’ ... OK
* this is package ‘causalimages’ version ‘0.1’
* package encoding: UTF-8
* checking CRAN incoming feasibility ... NOTE
Maintainer: ‘Connor Jerzak <connor.jerzak@gmail.com>’

New submission

Unknown, possibly misspelled, fields in DESCRIPTION:
  ‘RemoteType’ ‘RemotePkgRef’ ‘RemoteUrl’

Package has a VignetteBuilder field but no prebuilt vignette index.

The Title field should be in title case. Current version is:
  ‘Causal Inference with Earth Observation, Bio-medical, and Social Science Images’
In title case that is:
  ‘Causal Inference with Earth Observation, Bio-Medical, and Social Science Images’

The Description field contains
  Jerzak and Daoud (2023) <arXiv:2310.00233>.
Please refer to arXiv e-prints via their arXiv DOI <doi:10.48550/arXiv.YYMM.NNNNN>.
* checking package namespace information ... OK
* checking package dependencies ... INFO
Vignette dependency required without any vignettes: ‘knitr’
* checking if this is a source package ... OK
* checking if there is a namespace ... OK
* checking for executable files ... OK
* checking for hidden files and directories ... OK
* checking for portable file names ... OK
* checking for sufficient/correct file permissions ... OK
* checking whether package ‘causalimages’ can be installed ... OK
* checking installed package size ... OK
* checking package directory ... OK
* checking for future file timestamps ... NOTE
unable to verify current time
* checking DESCRIPTION meta-information ... OK
* checking top-level files ... OK
* checking for left-over files ... OK
* checking index information ... OK
* checking package subdirectories ... OK
* checking code files for non-ASCII characters ... OK
* checking R files for syntax errors ... OK
* checking whether the package can be loaded ... OK
* checking whether the package can be loaded with stated dependencies ... OK
* checking whether the package can be unloaded cleanly ... OK
* checking whether the namespace can be loaded with stated dependencies ... OK
* checking whether the namespace can be unloaded cleanly ... OK
* checking use of S3 registration ...